#3-say_my_name.txt
>>> say_my_name = __import__('3-say_my_name').say_my_name

>>> say_my_name("Harrison", "Gearhart")
My name is Harrison Gearhart

>>> say_my_name(6, "Mayfield")
Traceback (most recent call last):
TypeError: first_name must be a string

>>> say_my_name("Chad", 85)
Traceback (most recent call last):
TypeError: last_name must be a string

>>> say_my_name()
Traceback (most recent call last):
TypeError: missing 2 arguments